// Jest Snapshot v1, https://goo.gl/fbAQLP

exports[`<Comments/> Should match snapshot 1`] = `
<p>
  2
</p>
`;
